Copyright 1986-2015 Xilinx, Inc. All Rights Reserved.
-----------------------------------------------------------------------------------------------------------------------------------------------------
| Tool Version : Vivado v.2015.1 (lin64) Build 1215546 Mon Apr 27 19:07:21 MDT 2015
| Date         : Tue Oct 23 16:40:48 2018
| Host         : physics-ThinkPad-13-2nd-Gen running 64-bit Ubuntu 16.04.5 LTS
| Command      : report_timing_summary -warn_on_violation -max_paths 10 -file potdiv_timing_summary_routed.rpt -rpx potdiv_timing_summary_routed.rpx
| Design       : potdiv
| Device       : 7a35t-cpg236
| Speed File   : -1  PRODUCTION 1.14 2014-09-11
-----------------------------------------------------------------------------------------------------------------------------------------------------

Timing Summary Report

------------------------------------------------------------------------------------------------
| Timer Settings
| --------------
------------------------------------------------------------------------------------------------

  Enable Multi Corner Analysis               :  Yes
  Enable Pessimism Removal                   :  Yes
  Pessimism Removal Resolution               :  Nearest Common Node
  Enable Input Delay Default Clock           :  No
  Enable Preset / Clear Arcs                 :  No
  Disable Flight Delays                      :  No

  Corner  Analyze    Analyze    
  Name    Max Paths  Min Paths  
  ------  ---------  ---------  
  Slow    Yes        Yes        
  Fast    Yes        Yes        



check_timing report

Table of Contents
-----------------
1. checking no_clock
2. checking constant_clock
3. checking pulse_width_clock
4. checking unconstrained_internal_endpoints
5. checking no_input_delay
6. checking no_output_delay
7. checking multiple_clock
8. checking generated_clocks
9. checking loops
10. checking partial_input_delay
11. checking partial_output_delay
12. checking latch_loops

1. checking no_clock
--------------------
 There are 0 register/latch pins with no clock.


2. checking constant_clock
--------------------------
 There are 0 register/latch pins with constant_clock.


3. checking pulse_width_clock
-----------------------------
 There are 0 register/latch pins which need pulse_width check


4. checking unconstrained_internal_endpoints
--------------------------------------------
 There are 0 pins that are not constrained for maximum delay.

 There are 0 pins that are not constrained for maximum delay due to constant clock.


5. checking no_input_delay
--------------------------
 There are 0 input ports with no input delay specified.

 There are 0 input ports with no input delay but user has a false path constraint.


6. checking no_output_delay
---------------------------
 There are 16 ports with no output delay specified. (HIGH)

 There are 0 ports with no output delay but user has a false path constraint

 There are 0 ports with no output delay but with a timing clock defined on it or propagating through it


7. checking multiple_clock
--------------------------
 There are 0 register/latch pins with multiple clocks.


8. checking generated_clocks
----------------------------
 There are 0 generated clocks that are not connected to a clock source.


9. checking loops
-----------------
 There are 0 combinational loops in the design.


10. checking partial_input_delay
--------------------------------
 There are 0 input ports with partial input delay specified.


11. checking partial_output_delay
---------------------------------
 There are 0 ports with partial output delay specified.


12. checking latch_loops
------------------------
 There are 0 combinational latch loops in the design through latch input



------------------------------------------------------------------------------------------------
| Design Timing Summary
| ---------------------
------------------------------------------------------------------------------------------------

    WNS(ns)      TNS(ns)  TNS Failing Endpoints  TNS Total Endpoints      WHS(ns)      THS(ns)  THS Failing Endpoints  THS Total Endpoints     WPWS(ns)     TPWS(ns)  TPWS Failing Endpoints  TPWS Total Endpoints  
    -------      -------  ---------------------  -------------------      -------      -------  ---------------------  -------------------     --------     --------  ----------------------  --------------------  
      6.831        0.000                      0                   33        0.346        0.000                      0                   33        4.500        0.000                       0                    18  


All user specified timing constraints are met.


------------------------------------------------------------------------------------------------
| Clock Summary
| -------------
------------------------------------------------------------------------------------------------

Clock        Waveform(ns)       Period(ns)      Frequency(MHz)
-----        ------------       ----------      --------------
sys_clk_pin  {0.000 5.000}      10.000          100.000         


------------------------------------------------------------------------------------------------
| Intra Clock Table
| -----------------
------------------------------------------------------------------------------------------------

Clock             WNS(ns)      TNS(ns)  TNS Failing Endpoints  TNS Total Endpoints      WHS(ns)      THS(ns)  THS Failing Endpoints  THS Total Endpoints     WPWS(ns)     TPWS(ns)  TPWS Failing Endpoints  TPWS Total Endpoints  
-----             -------      -------  ---------------------  -------------------      -------      -------  ---------------------  -------------------     --------     --------  ----------------------  --------------------  
sys_clk_pin         6.831        0.000                      0                   33        0.346        0.000                      0                   33        4.500        0.000                       0                    18  


------------------------------------------------------------------------------------------------
| Inter Clock Table
| -----------------
------------------------------------------------------------------------------------------------

From Clock    To Clock          WNS(ns)      TNS(ns)  TNS Failing Endpoints  TNS Total Endpoints      WHS(ns)      THS(ns)  THS Failing Endpoints  THS Total Endpoints  
----------    --------          -------      -------  ---------------------  -------------------      -------      -------  ---------------------  -------------------  


------------------------------------------------------------------------------------------------
| Other Path Groups Table
| -----------------------
------------------------------------------------------------------------------------------------

Path Group    From Clock    To Clock          WNS(ns)      TNS(ns)  TNS Failing Endpoints  TNS Total Endpoints      WHS(ns)      THS(ns)  THS Failing Endpoints  THS Total Endpoints  
----------    ----------    --------          -------      -------  ---------------------  -------------------      -------      -------  ---------------------  -------------------  


------------------------------------------------------------------------------------------------
| Timing Details
| --------------
------------------------------------------------------------------------------------------------


---------------------------------------------------------------------------------------------------
From Clock:  sys_clk_pin
  To Clock:  sys_clk_pin

Setup :            0  Failing Endpoints,  Worst Slack        6.831ns,  Total Violation        0.000ns
Hold  :            0  Failing Endpoints,  Worst Slack        0.346ns,  Total Violation        0.000ns
PW    :            0  Failing Endpoints,  Worst Slack        4.500ns,  Total Violation        0.000ns
---------------------------------------------------------------------------------------------------


Max Delay Paths
--------------------------------------------------------------------------------------
Slack (MET) :             6.831ns  (required time - arrival time)
  Source:                 myadc/U0/DCLK
                            (rising edge-triggered cell XADC clocked by sys_clk_pin  {rise@0.000ns fall@5.000ns period=10.000ns})
  Destination:            myadc/U0/DEN
                            (rising edge-triggered cell XADC clocked by sys_clk_pin  {rise@0.000ns fall@5.000ns period=10.000ns})
  Path Group:             sys_clk_pin
  Path Type:              Setup (Max at Slow Process Corner)
  Requirement:            10.000ns  (sys_clk_pin rise@10.000ns - sys_clk_pin rise@0.000ns)
  Data Path Delay:        2.285ns  (logic 1.527ns (66.818%)  route 0.758ns (33.182%))
  Logic Levels:           0  
  Clock Path Skew:        0.000ns (DCD - SCD + CPR)
    Destination Clock Delay (DCD):    4.761ns = ( 14.761 - 10.000 ) 
    Source Clock Delay      (SCD):    5.055ns
    Clock Pessimism Removal (CPR):    0.294ns
  Clock Uncertainty:      0.035ns  ((TSJ^2 + TIJ^2)^1/2 + DJ) / 2 + PE
    Total System Jitter     (TSJ):    0.071ns
    Total Input Jitter      (TIJ):    0.000ns
    Discrete Jitter          (DJ):    0.000ns
    Phase Error              (PE):    0.000ns

    Location             Delay type                Incr(ns)  Path(ns)    Netlist Resource(s)
  -------------------------------------------------------------------    -------------------
                         (clock sys_clk_pin rise edge)
                                                      0.000     0.000 r  
    W5                                                0.000     0.000 r  clk (IN)
                         net (fo=0)                   0.000     0.000    clk
    W5                   IBUF (Prop_ibuf_I_O)         1.458     1.458 r  clk_IBUF_inst/O
                         net (fo=1, routed)           1.967     3.425    clk_IBUF
    BUFGCTRL_X0Y0        BUFG (Prop_bufg_I_O)         0.096     3.521 r  clk_IBUF_BUFG_inst/O
                         net (fo=17, routed)          1.534     5.055    myadc/dclk_in
    XADC_X0Y0            XADC                                         r  myadc/U0/DCLK
  -------------------------------------------------------------------    -------------------
    XADC_X0Y0            XADC (Prop_xadc_DCLK_EOC)    1.527     6.582 r  myadc/U0/EOC
                         net (fo=1, routed)           0.758     7.340    myadc/den_in
    XADC_X0Y0            XADC                                         r  myadc/U0/DEN
  -------------------------------------------------------------------    -------------------

                         (clock sys_clk_pin rise edge)
                                                     10.000    10.000 r  
    W5                                                0.000    10.000 r  clk (IN)
                         net (fo=0)                   0.000    10.000    clk
    W5                   IBUF (Prop_ibuf_I_O)         1.388    11.388 r  clk_IBUF_inst/O
                         net (fo=1, routed)           1.862    13.250    clk_IBUF
    BUFGCTRL_X0Y0        BUFG (Prop_bufg_I_O)         0.091    13.341 r  clk_IBUF_BUFG_inst/O
                         net (fo=17, routed)          1.420    14.761    myadc/dclk_in
    XADC_X0Y0            XADC                                         r  myadc/U0/DCLK
                         clock pessimism              0.294    15.055    
                         clock uncertainty           -0.035    15.020    
    XADC_X0Y0            XADC (Setup_xadc_DCLK_DEN)
                                                     -0.848    14.172    myadc/U0
  -------------------------------------------------------------------
                         required time                         14.172    
                         arrival time                          -7.340    
  -------------------------------------------------------------------
                         slack                                  6.831    

Slack (MET) :             7.806ns  (required time - arrival time)
  Source:                 myadc/U0/DCLK
                            (rising edge-triggered cell XADC clocked by sys_clk_pin  {rise@0.000ns fall@5.000ns period=10.000ns})
  Destination:            output_reg_reg[10]/D
                            (rising edge-triggered cell FDRE clocked by sys_clk_pin  {rise@0.000ns fall@5.000ns period=10.000ns})
  Path Group:             sys_clk_pin
  Path Type:              Setup (Max at Slow Process Corner)
  Requirement:            10.000ns  (sys_clk_pin rise@10.000ns - sys_clk_pin rise@0.000ns)
  Data Path Delay:        2.042ns  (logic 1.214ns (59.463%)  route 0.828ns (40.537%))
  Logic Levels:           0  
  Clock Path Skew:        -0.022ns (DCD - SCD + CPR)
    Destination Clock Delay (DCD):    4.761ns = ( 14.761 - 10.000 ) 
    Source Clock Delay      (SCD):    5.055ns
    Clock Pessimism Removal (CPR):    0.272ns
  Clock Uncertainty:      0.035ns  ((TSJ^2 + TIJ^2)^1/2 + DJ) / 2 + PE
    Total System Jitter     (TSJ):    0.071ns
    Total Input Jitter      (TIJ):    0.000ns
    Discrete Jitter          (DJ):    0.000ns
    Phase Error              (PE):    0.000ns

    Location             Delay type                Incr(ns)  Path(ns)    Netlist Resource(s)
  -------------------------------------------------------------------    -------------------
                         (clock sys_clk_pin rise edge)
                                                      0.000     0.000 r  
    W5                                                0.000     0.000 r  clk (IN)
                         net (fo=0)                   0.000     0.000    clk
    W5                   IBUF (Prop_ibuf_I_O)         1.458     1.458 r  clk_IBUF_inst/O
                         net (fo=1, routed)           1.967     3.425    clk_IBUF
    BUFGCTRL_X0Y0        BUFG (Prop_bufg_I_O)         0.096     3.521 r  clk_IBUF_BUFG_inst/O
                         net (fo=17, routed)          1.534     5.055    myadc/dclk_in
    XADC_X0Y0            XADC                                         r  myadc/U0/DCLK
  -------------------------------------------------------------------    -------------------
    XADC_X0Y0            XADC (Prop_xadc_DCLK_DO[10])
                                                      1.214     6.269 r  myadc/U0/DO[10]
                         net (fo=1, routed)           0.828     7.096    dataread[10]
    SLICE_X29Y75         FDRE                                         r  output_reg_reg[10]/D
  -------------------------------------------------------------------    -------------------

                         (clock sys_clk_pin rise edge)
                                                     10.000    10.000 r  
    W5                                                0.000    10.000 r  clk (IN)
                         net (fo=0)                   0.000    10.000    clk
    W5                   IBUF (Prop_ibuf_I_O)         1.388    11.388 r  clk_IBUF_inst/O
                         net (fo=1, routed)           1.862    13.250    clk_IBUF
    BUFGCTRL_X0Y0        BUFG (Prop_bufg_I_O)         0.091    13.341 r  clk_IBUF_BUFG_inst/O
                         net (fo=17, routed)          1.420    14.761    clk_IBUF_BUFG
    SLICE_X29Y75         FDRE                                         r  output_reg_reg[10]/C
                         clock pessimism              0.272    15.033    
                         clock uncertainty           -0.035    14.998    
    SLICE_X29Y75         FDRE (Setup_fdre_C_D)       -0.095    14.903    output_reg_reg[10]
  -------------------------------------------------------------------
                         required time                         14.903    
                         arrival time                          -7.096    
  -------------------------------------------------------------------
                         slack                                  7.806    

Slack (MET) :             7.821ns  (required time - arrival time)
  Source:                 myadc/U0/DCLK
                            (rising edge-triggered cell XADC clocked by sys_clk_pin  {rise@0.000ns fall@5.000ns period=10.000ns})
  Destination:            output_reg_reg[10]/CE
                            (rising edge-triggered cell FDRE clocked by sys_clk_pin  {rise@0.000ns fall@5.000ns period=10.000ns})
  Path Group:             sys_clk_pin
  Path Type:              Setup (Max at Slow Process Corner)
  Requirement:            10.000ns  (sys_clk_pin rise@10.000ns - sys_clk_pin rise@0.000ns)
  Data Path Delay:        1.917ns  (logic 1.204ns (62.818%)  route 0.713ns (37.182%))
  Logic Levels:           0  
  Clock Path Skew:        -0.022ns (DCD - SCD + CPR)
    Destination Clock Delay (DCD):    4.761ns = ( 14.761 - 10.000 ) 
    Source Clock Delay      (SCD):    5.055ns
    Clock Pessimism Removal (CPR):    0.272ns
  Clock Uncertainty:      0.035ns  ((TSJ^2 + TIJ^2)^1/2 + DJ) / 2 + PE
    Total System Jitter     (TSJ):    0.071ns
    Total Input Jitter      (TIJ):    0.000ns
    Discrete Jitter          (DJ):    0.000ns
    Phase Error              (PE):    0.000ns

    Location             Delay type                Incr(ns)  Path(ns)    Netlist Resource(s)
  -------------------------------------------------------------------    -------------------
                         (clock sys_clk_pin rise edge)
                                                      0.000     0.000 r  
    W5                                                0.000     0.000 r  clk (IN)
                         net (fo=0)                   0.000     0.000    clk
    W5                   IBUF (Prop_ibuf_I_O)         1.458     1.458 r  clk_IBUF_inst/O
                         net (fo=1, routed)           1.967     3.425    clk_IBUF
    BUFGCTRL_X0Y0        BUFG (Prop_bufg_I_O)         0.096     3.521 r  clk_IBUF_BUFG_inst/O
                         net (fo=17, routed)          1.534     5.055    myadc/dclk_in
    XADC_X0Y0            XADC                                         r  myadc/U0/DCLK
  -------------------------------------------------------------------    -------------------
    XADC_X0Y0            XADC (Prop_xadc_DCLK_DRDY)
                                                      1.204     6.259 r  myadc/U0/DRDY
                         net (fo=16, routed)          0.713     6.972    ready
    SLICE_X29Y75         FDRE                                         r  output_reg_reg[10]/CE
  -------------------------------------------------------------------    -------------------

                         (clock sys_clk_pin rise edge)
                                                     10.000    10.000 r  
    W5                                                0.000    10.000 r  clk (IN)
                         net (fo=0)                   0.000    10.000    clk
    W5                   IBUF (Prop_ibuf_I_O)         1.388    11.388 r  clk_IBUF_inst/O
                         net (fo=1, routed)           1.862    13.250    clk_IBUF
    BUFGCTRL_X0Y0        BUFG (Prop_bufg_I_O)         0.091    13.341 r  clk_IBUF_BUFG_inst/O
                         net (fo=17, routed)          1.420    14.761    clk_IBUF_BUFG
    SLICE_X29Y75         FDRE                                         r  output_reg_reg[10]/C
                         clock pessimism              0.272    15.033    
                         clock uncertainty           -0.035    14.998    
    SLICE_X29Y75         FDRE (Setup_fdre_C_CE)      -0.205    14.793    output_reg_reg[10]
  -------------------------------------------------------------------
                         required time                         14.793    
                         arrival time                          -6.972    
  -------------------------------------------------------------------
                         slack                                  7.821    

Slack (MET) :             7.821ns  (required time - arrival time)
  Source:                 myadc/U0/DCLK
                            (rising edge-triggered cell XADC clocked by sys_clk_pin  {rise@0.000ns fall@5.000ns period=10.000ns})
  Destination:            output_reg_reg[11]/CE
                            (rising edge-triggered cell FDRE clocked by sys_clk_pin  {rise@0.000ns fall@5.000ns period=10.000ns})
  Path Group:             sys_clk_pin
  Path Type:              Setup (Max at Slow Process Corner)
  Requirement:            10.000ns  (sys_clk_pin rise@10.000ns - sys_clk_pin rise@0.000ns)
  Data Path Delay:        1.917ns  (logic 1.204ns (62.818%)  route 0.713ns (37.182%))
  Logic Levels:           0  
  Clock Path Skew:        -0.022ns (DCD - SCD + CPR)
    Destination Clock Delay (DCD):    4.761ns = ( 14.761 - 10.000 ) 
    Source Clock Delay      (SCD):    5.055ns
    Clock Pessimism Removal (CPR):    0.272ns
  Clock Uncertainty:      0.035ns  ((TSJ^2 + TIJ^2)^1/2 + DJ) / 2 + PE
    Total System Jitter     (TSJ):    0.071ns
    Total Input Jitter      (TIJ):    0.000ns
    Discrete Jitter          (DJ):    0.000ns
    Phase Error              (PE):    0.000ns

    Location             Delay type                Incr(ns)  Path(ns)    Netlist Resource(s)
  -------------------------------------------------------------------    -------------------
                         (clock sys_clk_pin rise edge)
                                                      0.000     0.000 r  
    W5                                                0.000     0.000 r  clk (IN)
                         net (fo=0)                   0.000     0.000    clk
    W5                   IBUF (Prop_ibuf_I_O)         1.458     1.458 r  clk_IBUF_inst/O
                         net (fo=1, routed)           1.967     3.425    clk_IBUF
    BUFGCTRL_X0Y0        BUFG (Prop_bufg_I_O)         0.096     3.521 r  clk_IBUF_BUFG_inst/O
                         net (fo=17, routed)          1.534     5.055    myadc/dclk_in
    XADC_X0Y0            XADC                                         r  myadc/U0/DCLK
  -------------------------------------------------------------------    -------------------
    XADC_X0Y0            XADC (Prop_xadc_DCLK_DRDY)
                                                      1.204     6.259 r  myadc/U0/DRDY
                         net (fo=16, routed)          0.713     6.972    ready
    SLICE_X29Y75         FDRE                                         r  output_reg_reg[11]/CE
  -------------------------------------------------------------------    -------------------

                         (clock sys_clk_pin rise edge)
                                                     10.000    10.000 r  
    W5                                                0.000    10.000 r  clk (IN)
                         net (fo=0)                   0.000    10.000    clk
    W5                   IBUF (Prop_ibuf_I_O)         1.388    11.388 r  clk_IBUF_inst/O
                         net (fo=1, routed)           1.862    13.250    clk_IBUF
    BUFGCTRL_X0Y0        BUFG (Prop_bufg_I_O)         0.091    13.341 r  clk_IBUF_BUFG_inst/O
                         net (fo=17, routed)          1.420    14.761    clk_IBUF_BUFG
    SLICE_X29Y75         FDRE                                         r  output_reg_reg[11]/C
                         clock pessimism              0.272    15.033    
                         clock uncertainty           -0.035    14.998    
    SLICE_X29Y75         FDRE (Setup_fdre_C_CE)      -0.205    14.793    output_reg_reg[11]
  -------------------------------------------------------------------
                         required time                         14.793    
                         arrival time                          -6.972    
  -------------------------------------------------------------------
                         slack                                  7.821    

Slack (MET) :             7.821ns  (required time - arrival time)
  Source:                 myadc/U0/DCLK
                            (rising edge-triggered cell XADC clocked by sys_clk_pin  {rise@0.000ns fall@5.000ns period=10.000ns})
  Destination:            output_reg_reg[12]/CE
                            (rising edge-triggered cell FDRE clocked by sys_clk_pin  {rise@0.000ns fall@5.000ns period=10.000ns})
  Path Group:             sys_clk_pin
  Path Type:              Setup (Max at Slow Process Corner)
  Requirement:            10.000ns  (sys_clk_pin rise@10.000ns - sys_clk_pin rise@0.000ns)
  Data Path Delay:        1.917ns  (logic 1.204ns (62.818%)  route 0.713ns (37.182%))
  Logic Levels:           0  
  Clock Path Skew:        -0.022ns (DCD - SCD + CPR)
    Destination Clock Delay (DCD):    4.761ns = ( 14.761 - 10.000 ) 
    Source Clock Delay      (SCD):    5.055ns
    Clock Pessimism Removal (CPR):    0.272ns
  Clock Uncertainty:      0.035ns  ((TSJ^2 + TIJ^2)^1/2 + DJ) / 2 + PE
    Total System Jitter     (TSJ):    0.071ns
    Total Input Jitter      (TIJ):    0.000ns
    Discrete Jitter          (DJ):    0.000ns
    Phase Error              (PE):    0.000ns

    Location             Delay type                Incr(ns)  Path(ns)    Netlist Resource(s)
  -------------------------------------------------------------------    -------------------
                         (clock sys_clk_pin rise edge)
                                                      0.000     0.000 r  
    W5                                                0.000     0.000 r  clk (IN)
                         net (fo=0)                   0.000     0.000    clk
    W5                   IBUF (Prop_ibuf_I_O)         1.458     1.458 r  clk_IBUF_inst/O
                         net (fo=1, routed)           1.967     3.425    clk_IBUF
    BUFGCTRL_X0Y0        BUFG (Prop_bufg_I_O)         0.096     3.521 r  clk_IBUF_BUFG_inst/O
                         net (fo=17, routed)          1.534     5.055    myadc/dclk_in
    XADC_X0Y0            XADC                                         r  myadc/U0/DCLK
  -------------------------------------------------------------------    -------------------
    XADC_X0Y0            XADC (Prop_xadc_DCLK_DRDY)
                                                      1.204     6.259 r  myadc/U0/DRDY
                         net (fo=16, routed)          0.713     6.972    ready
    SLICE_X29Y75         FDRE                                         r  output_reg_reg[12]/CE
  -------------------------------------------------------------------    -------------------

                         (clock sys_clk_pin rise edge)
                                                     10.000    10.000 r  
    W5                                                0.000    10.000 r  clk (IN)
                         net (fo=0)                   0.000    10.000    clk
    W5                   IBUF (Prop_ibuf_I_O)         1.388    11.388 r  clk_IBUF_inst/O
                         net (fo=1, routed)           1.862    13.250    clk_IBUF
    BUFGCTRL_X0Y0        BUFG (Prop_bufg_I_O)         0.091    13.341 r  clk_IBUF_BUFG_inst/O
                         net (fo=17, routed)          1.420    14.761    clk_IBUF_BUFG
    SLICE_X29Y75         FDRE                                         r  output_reg_reg[12]/C
                         clock pessimism              0.272    15.033    
                         clock uncertainty           -0.035    14.998    
    SLICE_X29Y75         FDRE (Setup_fdre_C_CE)      -0.205    14.793    output_reg_reg[12]
  -------------------------------------------------------------------
                         required time                         14.793    
                         arrival time                          -6.972    
  -------------------------------------------------------------------
                         slack                                  7.821    

Slack (MET) :             7.821ns  (required time - arrival time)
  Source:                 myadc/U0/DCLK
                            (rising edge-triggered cell XADC clocked by sys_clk_pin  {rise@0.000ns fall@5.000ns period=10.000ns})
  Destination:            output_reg_reg[13]/CE
                            (rising edge-triggered cell FDRE clocked by sys_clk_pin  {rise@0.000ns fall@5.000ns period=10.000ns})
  Path Group:             sys_clk_pin
  Path Type:              Setup (Max at Slow Process Corner)
  Requirement:            10.000ns  (sys_clk_pin rise@10.000ns - sys_clk_pin rise@0.000ns)
  Data Path Delay:        1.917ns  (logic 1.204ns (62.818%)  route 0.713ns (37.182%))
  Logic Levels:           0  
  Clock Path Skew:        -0.022ns (DCD - SCD + CPR)
    Destination Clock Delay (DCD):    4.761ns = ( 14.761 - 10.000 ) 
    Source Clock Delay      (SCD):    5.055ns
    Clock Pessimism Removal (CPR):    0.272ns
  Clock Uncertainty:      0.035ns  ((TSJ^2 + TIJ^2)^1/2 + DJ) / 2 + PE
    Total System Jitter     (TSJ):    0.071ns
    Total Input Jitter      (TIJ):    0.000ns
    Discrete Jitter          (DJ):    0.000ns
    Phase Error              (PE):    0.000ns

    Location             Delay type                Incr(ns)  Path(ns)    Netlist Resource(s)
  -------------------------------------------------------------------    -------------------
                         (clock sys_clk_pin rise edge)
                                                      0.000     0.000 r  
    W5                                                0.000     0.000 r  clk (IN)
                         net (fo=0)                   0.000     0.000    clk
    W5                   IBUF (Prop_ibuf_I_O)         1.458     1.458 r  clk_IBUF_inst/O
                         net (fo=1, routed)           1.967     3.425    clk_IBUF
    BUFGCTRL_X0Y0        BUFG (Prop_bufg_I_O)         0.096     3.521 r  clk_IBUF_BUFG_inst/O
                         net (fo=17, routed)          1.534     5.055    myadc/dclk_in
    XADC_X0Y0            XADC                                         r  myadc/U0/DCLK
  -------------------------------------------------------------------    -------------------
    XADC_X0Y0            XADC (Prop_xadc_DCLK_DRDY)
                                                      1.204     6.259 r  myadc/U0/DRDY
                         net (fo=16, routed)          0.713     6.972    ready
    SLICE_X29Y75         FDRE                                         r  output_reg_reg[13]/CE
  -------------------------------------------------------------------    -------------------

                         (clock sys_clk_pin rise edge)
                                                     10.000    10.000 r  
    W5                                                0.000    10.000 r  clk (IN)
                         net (fo=0)                   0.000    10.000    clk
    W5                   IBUF (Prop_ibuf_I_O)         1.388    11.388 r  clk_IBUF_inst/O
                         net (fo=1, routed)           1.862    13.250    clk_IBUF
    BUFGCTRL_X0Y0        BUFG (Prop_bufg_I_O)         0.091    13.341 r  clk_IBUF_BUFG_inst/O
                         net (fo=17, routed)          1.420    14.761    clk_IBUF_BUFG
    SLICE_X29Y75         FDRE                                         r  output_reg_reg[13]/C
                         clock pessimism              0.272    15.033    
                         clock uncertainty           -0.035    14.998    
    SLICE_X29Y75         FDRE (Setup_fdre_C_CE)      -0.205    14.793    output_reg_reg[13]
  -------------------------------------------------------------------
                         required time                         14.793    
                         arrival time                          -6.972    
  -------------------------------------------------------------------
                         slack                                  7.821    

Slack (MET) :             7.821ns  (required time - arrival time)
  Source:                 myadc/U0/DCLK
                            (rising edge-triggered cell XADC clocked by sys_clk_pin  {rise@0.000ns fall@5.000ns period=10.000ns})
  Destination:            output_reg_reg[14]/CE
                            (rising edge-triggered cell FDRE clocked by sys_clk_pin  {rise@0.000ns fall@5.000ns period=10.000ns})
  Path Group:             sys_clk_pin
  Path Type:              Setup (Max at Slow Process Corner)
  Requirement:            10.000ns  (sys_clk_pin rise@10.000ns - sys_clk_pin rise@0.000ns)
  Data Path Delay:        1.917ns  (logic 1.204ns (62.818%)  route 0.713ns (37.182%))
  Logic Levels:           0  
  Clock Path Skew:        -0.022ns (DCD - SCD + CPR)
    Destination Clock Delay (DCD):    4.761ns = ( 14.761 - 10.000 ) 
    Source Clock Delay      (SCD):    5.055ns
    Clock Pessimism Removal (CPR):    0.272ns
  Clock Uncertainty:      0.035ns  ((TSJ^2 + TIJ^2)^1/2 + DJ) / 2 + PE
    Total System Jitter     (TSJ):    0.071ns
    Total Input Jitter      (TIJ):    0.000ns
    Discrete Jitter          (DJ):    0.000ns
    Phase Error              (PE):    0.000ns

    Location             Delay type                Incr(ns)  Path(ns)    Netlist Resource(s)
  -------------------------------------------------------------------    -------------------
                         (clock sys_clk_pin rise edge)
                                                      0.000     0.000 r  
    W5                                                0.000     0.000 r  clk (IN)
                         net (fo=0)                   0.000     0.000    clk
    W5                   IBUF (Prop_ibuf_I_O)         1.458     1.458 r  clk_IBUF_inst/O
                         net (fo=1, routed)           1.967     3.425    clk_IBUF
    BUFGCTRL_X0Y0        BUFG (Prop_bufg_I_O)         0.096     3.521 r  clk_IBUF_BUFG_inst/O
                         net (fo=17, routed)          1.534     5.055    myadc/dclk_in
    XADC_X0Y0            XADC                                         r  myadc/U0/DCLK
  -------------------------------------------------------------------    -------------------
    XADC_X0Y0            XADC (Prop_xadc_DCLK_DRDY)
                                                      1.204     6.259 r  myadc/U0/DRDY
                         net (fo=16, routed)          0.713     6.972    ready
    SLICE_X29Y75         FDRE                                         r  output_reg_reg[14]/CE
  -------------------------------------------------------------------    -------------------

                         (clock sys_clk_pin rise edge)
                                                     10.000    10.000 r  
    W5                                                0.000    10.000 r  clk (IN)
                         net (fo=0)                   0.000    10.000    clk
    W5                   IBUF (Prop_ibuf_I_O)         1.388    11.388 r  clk_IBUF_inst/O
                         net (fo=1, routed)           1.862    13.250    clk_IBUF
    BUFGCTRL_X0Y0        BUFG (Prop_bufg_I_O)         0.091    13.341 r  clk_IBUF_BUFG_inst/O
                         net (fo=17, routed)          1.420    14.761    clk_IBUF_BUFG
    SLICE_X29Y75         FDRE                                         r  output_reg_reg[14]/C
                         clock pessimism              0.272    15.033    
                         clock uncertainty           -0.035    14.998    
    SLICE_X29Y75         FDRE (Setup_fdre_C_CE)      -0.205    14.793    output_reg_reg[14]
  -------------------------------------------------------------------
                         required time                         14.793    
                         arrival time                          -6.972    
  -------------------------------------------------------------------
                         slack                                  7.821    

Slack (MET) :             7.821ns  (required time - arrival time)
  Source:                 myadc/U0/DCLK
                            (rising edge-triggered cell XADC clocked by sys_clk_pin  {rise@0.000ns fall@5.000ns period=10.000ns})
  Destination:            output_reg_reg[15]/CE
                            (rising edge-triggered cell FDRE clocked by sys_clk_pin  {rise@0.000ns fall@5.000ns period=10.000ns})
  Path Group:             sys_clk_pin
  Path Type:              Setup (Max at Slow Process Corner)
  Requirement:            10.000ns  (sys_clk_pin rise@10.000ns - sys_clk_pin rise@0.000ns)
  Data Path Delay:        1.917ns  (logic 1.204ns (62.818%)  route 0.713ns (37.182%))
  Logic Levels:           0  
  Clock Path Skew:        -0.022ns (DCD - SCD + CPR)
    Destination Clock Delay (DCD):    4.761ns = ( 14.761 - 10.000 ) 
    Source Clock Delay      (SCD):    5.055ns
    Clock Pessimism Removal (CPR):    0.272ns
  Clock Uncertainty:      0.035ns  ((TSJ^2 + TIJ^2)^1/2 + DJ) / 2 + PE
    Total System Jitter     (TSJ):    0.071ns
    Total Input Jitter      (TIJ):    0.000ns
    Discrete Jitter          (DJ):    0.000ns
    Phase Error              (PE):    0.000ns

    Location             Delay type                Incr(ns)  Path(ns)    Netlist Resource(s)
  -------------------------------------------------------------------    -------------------
                         (clock sys_clk_pin rise edge)
                                                      0.000     0.000 r  
    W5                                                0.000     0.000 r  clk (IN)
                         net (fo=0)                   0.000     0.000    clk
    W5                   IBUF (Prop_ibuf_I_O)         1.458     1.458 r  clk_IBUF_inst/O
                         net (fo=1, routed)           1.967     3.425    clk_IBUF
    BUFGCTRL_X0Y0        BUFG (Prop_bufg_I_O)         0.096     3.521 r  clk_IBUF_BUFG_inst/O
                         net (fo=17, routed)          1.534     5.055    myadc/dclk_in
    XADC_X0Y0            XADC                                         r  myadc/U0/DCLK
  -------------------------------------------------------------------    -------------------
    XADC_X0Y0            XADC (Prop_xadc_DCLK_DRDY)
                                                      1.204     6.259 r  myadc/U0/DRDY
                         net (fo=16, routed)          0.713     6.972    ready
    SLICE_X29Y75         FDRE                                         r  output_reg_reg[15]/CE
  -------------------------------------------------------------------    -------------------

                         (clock sys_clk_pin rise edge)
                                                     10.000    10.000 r  
    W5                                                0.000    10.000 r  clk (IN)
                         net (fo=0)                   0.000    10.000    clk
    W5                   IBUF (Prop_ibuf_I_O)         1.388    11.388 r  clk_IBUF_inst/O
                         net (fo=1, routed)           1.862    13.250    clk_IBUF
    BUFGCTRL_X0Y0        BUFG (Prop_bufg_I_O)         0.091    13.341 r  clk_IBUF_BUFG_inst/O
                         net (fo=17, routed)          1.420    14.761    clk_IBUF_BUFG
    SLICE_X29Y75         FDRE                                         r  output_reg_reg[15]/C
                         clock pessimism              0.272    15.033    
                         clock uncertainty           -0.035    14.998    
    SLICE_X29Y75         FDRE (Setup_fdre_C_CE)      -0.205    14.793    output_reg_reg[15]
  -------------------------------------------------------------------
                         required time                         14.793    
                         arrival time                          -6.972    
  -------------------------------------------------------------------
                         slack                                  7.821    

Slack (MET) :             7.821ns  (required time - arrival time)
  Source:                 myadc/U0/DCLK
                            (rising edge-triggered cell XADC clocked by sys_clk_pin  {rise@0.000ns fall@5.000ns period=10.000ns})
  Destination:            output_reg_reg[8]/CE
                            (rising edge-triggered cell FDRE clocked by sys_clk_pin  {rise@0.000ns fall@5.000ns period=10.000ns})
  Path Group:             sys_clk_pin
  Path Type:              Setup (Max at Slow Process Corner)
  Requirement:            10.000ns  (sys_clk_pin rise@10.000ns - sys_clk_pin rise@0.000ns)
  Data Path Delay:        1.917ns  (logic 1.204ns (62.818%)  route 0.713ns (37.182%))
  Logic Levels:           0  
  Clock Path Skew:        -0.022ns (DCD - SCD + CPR)
    Destination Clock Delay (DCD):    4.761ns = ( 14.761 - 10.000 ) 
    Source Clock Delay      (SCD):    5.055ns
    Clock Pessimism Removal (CPR):    0.272ns
  Clock Uncertainty:      0.035ns  ((TSJ^2 + TIJ^2)^1/2 + DJ) / 2 + PE
    Total System Jitter     (TSJ):    0.071ns
    Total Input Jitter      (TIJ):    0.000ns
    Discrete Jitter          (DJ):    0.000ns
    Phase Error              (PE):    0.000ns

    Location             Delay type                Incr(ns)  Path(ns)    Netlist Resource(s)
  -------------------------------------------------------------------    -------------------
                         (clock sys_clk_pin rise edge)
                                                      0.000     0.000 r  
    W5                                                0.000     0.000 r  clk (IN)
                         net (fo=0)                   0.000     0.000    clk
    W5                   IBUF (Prop_ibuf_I_O)         1.458     1.458 r  clk_IBUF_inst/O
                         net (fo=1, routed)           1.967     3.425    clk_IBUF
    BUFGCTRL_X0Y0        BUFG (Prop_bufg_I_O)         0.096     3.521 r  clk_IBUF_BUFG_inst/O
                         net (fo=17, routed)          1.534     5.055    myadc/dclk_in
    XADC_X0Y0            XADC                                         r  myadc/U0/DCLK
  -------------------------------------------------------------------    -------------------
    XADC_X0Y0            XADC (Prop_xadc_DCLK_DRDY)
                                                      1.204     6.259 r  myadc/U0/DRDY
                         net (fo=16, routed)          0.713     6.972    ready
    SLICE_X29Y75         FDRE                                         r  output_reg_reg[8]/CE
  -------------------------------------------------------------------    -------------------

                         (clock sys_clk_pin rise edge)
                                                     10.000    10.000 r  
    W5                                                0.000    10.000 r  clk (IN)
                         net (fo=0)                   0.000    10.000    clk
    W5                   IBUF (Prop_ibuf_I_O)         1.388    11.388 r  clk_IBUF_inst/O
                         net (fo=1, routed)           1.862    13.250    clk_IBUF
    BUFGCTRL_X0Y0        BUFG (Prop_bufg_I_O)         0.091    13.341 r  clk_IBUF_BUFG_inst/O
                         net (fo=17, routed)          1.420    14.761    clk_IBUF_BUFG
    SLICE_X29Y75         FDRE                                         r  output_reg_reg[8]/C
                         clock pessimism              0.272    15.033    
                         clock uncertainty           -0.035    14.998    
    SLICE_X29Y75         FDRE (Setup_fdre_C_CE)      -0.205    14.793    output_reg_reg[8]
  -------------------------------------------------------------------
                         required time                         14.793    
                         arrival time                          -6.972    
  -------------------------------------------------------------------
                         slack                                  7.821    

Slack (MET) :             7.821ns  (required time - arrival time)
  Source:                 myadc/U0/DCLK
                            (rising edge-triggered cell XADC clocked by sys_clk_pin  {rise@0.000ns fall@5.000ns period=10.000ns})
  Destination:            output_reg_reg[9]/CE
                            (rising edge-triggered cell FDRE clocked by sys_clk_pin  {rise@0.000ns fall@5.000ns period=10.000ns})
  Path Group:             sys_clk_pin
  Path Type:              Setup (Max at Slow Process Corner)
  Requirement:            10.000ns  (sys_clk_pin rise@10.000ns - sys_clk_pin rise@0.000ns)
  Data Path Delay:        1.917ns  (logic 1.204ns (62.818%)  route 0.713ns (37.182%))
  Logic Levels:           0  
  Clock Path Skew:        -0.022ns (DCD - SCD + CPR)
    Destination Clock Delay (DCD):    4.761ns = ( 14.761 - 10.000 ) 
    Source Clock Delay      (SCD):    5.055ns
    Clock Pessimism Removal (CPR):    0.272ns
  Clock Uncertainty:      0.035ns  ((TSJ^2 + TIJ^2)^1/2 + DJ) / 2 + PE
    Total System Jitter     (TSJ):    0.071ns
    Total Input Jitter      (TIJ):    0.000ns
    Discrete Jitter          (DJ):    0.000ns
    Phase Error              (PE):    0.000ns

    Location             Delay type                Incr(ns)  Path(ns)    Netlist Resource(s)
  -------------------------------------------------------------------    -------------------
                         (clock sys_clk_pin rise edge)
                                                      0.000     0.000 r  
    W5                                                0.000     0.000 r  clk (IN)
                         net (fo=0)                   0.000     0.000    clk
    W5                   IBUF (Prop_ibuf_I_O)         1.458     1.458 r  clk_IBUF_inst/O
                         net (fo=1, routed)           1.967     3.425    clk_IBUF
    BUFGCTRL_X0Y0        BUFG (Prop_bufg_I_O)         0.096     3.521 r  clk_IBUF_BUFG_inst/O
                         net (fo=17, routed)          1.534     5.055    myadc/dclk_in
    XADC_X0Y0            XADC                                         r  myadc/U0/DCLK
  -------------------------------------------------------------------    -------------------
    XADC_X0Y0            XADC (Prop_xadc_DCLK_DRDY)
                                                      1.204     6.259 r  myadc/U0/DRDY
                         net (fo=16, routed)          0.713     6.972    ready
    SLICE_X29Y75         FDRE                                         r  output_reg_reg[9]/CE
  -------------------------------------------------------------------    -------------------

                         (clock sys_clk_pin rise edge)
                                                     10.000    10.000 r  
    W5                                                0.000    10.000 r  clk (IN)
                         net (fo=0)                   0.000    10.000    clk
    W5                   IBUF (Prop_ibuf_I_O)         1.388    11.388 r  clk_IBUF_inst/O
                         net (fo=1, routed)           1.862    13.250    clk_IBUF
    BUFGCTRL_X0Y0        BUFG (Prop_bufg_I_O)         0.091    13.341 r  clk_IBUF_BUFG_inst/O
                         net (fo=17, routed)          1.420    14.761    clk_IBUF_BUFG
    SLICE_X29Y75         FDRE                                         r  output_reg_reg[9]/C
                         clock pessimism              0.272    15.033    
                         clock uncertainty           -0.035    14.998    
    SLICE_X29Y75         FDRE (Setup_fdre_C_CE)      -0.205    14.793    output_reg_reg[9]
  -------------------------------------------------------------------
                         required time                         14.793    
                         arrival time                          -6.972    
  -------------------------------------------------------------------
                         slack                                  7.821    





Min Delay Paths
--------------------------------------------------------------------------------------
Slack (MET) :             0.346ns  (arrival time - required time)
  Source:                 myadc/U0/DCLK
                            (rising edge-triggered cell XADC clocked by sys_clk_pin  {rise@0.000ns fall@5.000ns period=10.000ns})
  Destination:            output_reg_reg[12]/D
                            (rising edge-triggered cell FDRE clocked by sys_clk_pin  {rise@0.000ns fall@5.000ns period=10.000ns})
  Path Group:             sys_clk_pin
  Path Type:              Hold (Min at Fast Process Corner)
  Requirement:            0.000ns  (sys_clk_pin rise@0.000ns - sys_clk_pin rise@0.000ns)
  Data Path Delay:        0.406ns  (logic 0.256ns (63.007%)  route 0.150ns (36.993%))
  Logic Levels:           0  
  Clock Path Skew:        0.013ns (DCD - SCD - CPR)
    Destination Clock Delay (DCD):    1.942ns
    Source Clock Delay      (SCD):    1.431ns
    Clock Pessimism Removal (CPR):    0.498ns

    Location             Delay type                Incr(ns)  Path(ns)    Netlist Resource(s)
  -------------------------------------------------------------------    -------------------
                         (clock sys_clk_pin rise edge)
                                                      0.000     0.000 r  
    W5                                                0.000     0.000 r  clk (IN)
                         net (fo=0)                   0.000     0.000    clk
    W5                   IBUF (Prop_ibuf_I_O)         0.226     0.226 r  clk_IBUF_inst/O
                         net (fo=1, routed)           0.631     0.858    clk_IBUF
    BUFGCTRL_X0Y0        BUFG (Prop_bufg_I_O)         0.026     0.884 r  clk_IBUF_BUFG_inst/O
                         net (fo=17, routed)          0.548     1.431    myadc/dclk_in
    XADC_X0Y0            XADC                                         r  myadc/U0/DCLK
  -------------------------------------------------------------------    -------------------
    XADC_X0Y0            XADC (Prop_xadc_DCLK_DO[12])
                                                      0.256     1.687 r  myadc/U0/DO[12]
                         net (fo=1, routed)           0.150     1.838    dataread[12]
    SLICE_X29Y75         FDRE                                         r  output_reg_reg[12]/D
  -------------------------------------------------------------------    -------------------

                         (clock sys_clk_pin rise edge)
                                                      0.000     0.000 r  
    W5                                                0.000     0.000 r  clk (IN)
                         net (fo=0)                   0.000     0.000    clk
    W5                   IBUF (Prop_ibuf_I_O)         0.414     0.414 r  clk_IBUF_inst/O
                         net (fo=1, routed)           0.685     1.099    clk_IBUF
    BUFGCTRL_X0Y0        BUFG (Prop_bufg_I_O)         0.029     1.128 r  clk_IBUF_BUFG_inst/O
                         net (fo=17, routed)          0.815     1.942    clk_IBUF_BUFG
    SLICE_X29Y75         FDRE                                         r  output_reg_reg[12]/C
                         clock pessimism             -0.498     1.444    
    SLICE_X29Y75         FDRE (Hold_fdre_C_D)         0.047     1.491    output_reg_reg[12]
  -------------------------------------------------------------------
                         required time                         -1.491    
                         arrival time                           1.838    
  -------------------------------------------------------------------
                         slack                                  0.346    

Slack (MET) :             0.348ns  (arrival time - required time)
  Source:                 myadc/U0/DCLK
                            (rising edge-triggered cell XADC clocked by sys_clk_pin  {rise@0.000ns fall@5.000ns period=10.000ns})
  Destination:            output_reg_reg[11]/D
                            (rising edge-triggered cell FDRE clocked by sys_clk_pin  {rise@0.000ns fall@5.000ns period=10.000ns})
  Path Group:             sys_clk_pin
  Path Type:              Hold (Min at Fast Process Corner)
  Requirement:            0.000ns  (sys_clk_pin rise@0.000ns - sys_clk_pin rise@0.000ns)
  Data Path Delay:        0.408ns  (logic 0.256ns (62.698%)  route 0.152ns (37.302%))
  Logic Levels:           0  
  Clock Path Skew:        0.013ns (DCD - SCD - CPR)
    Destination Clock Delay (DCD):    1.942ns
    Source Clock Delay      (SCD):    1.431ns
    Clock Pessimism Removal (CPR):    0.498ns

    Location             Delay type                Incr(ns)  Path(ns)    Netlist Resource(s)
  -------------------------------------------------------------------    -------------------
                         (clock sys_clk_pin rise edge)
                                                      0.000     0.000 r  
    W5                                                0.000     0.000 r  clk (IN)
                         net (fo=0)                   0.000     0.000    clk
    W5                   IBUF (Prop_ibuf_I_O)         0.226     0.226 r  clk_IBUF_inst/O
                         net (fo=1, routed)           0.631     0.858    clk_IBUF
    BUFGCTRL_X0Y0        BUFG (Prop_bufg_I_O)         0.026     0.884 r  clk_IBUF_BUFG_inst/O
                         net (fo=17, routed)          0.548     1.431    myadc/dclk_in
    XADC_X0Y0            XADC                                         r  myadc/U0/DCLK
  -------------------------------------------------------------------    -------------------
    XADC_X0Y0            XADC (Prop_xadc_DCLK_DO[11])
                                                      0.256     1.687 r  myadc/U0/DO[11]
                         net (fo=1, routed)           0.152     1.840    dataread[11]
    SLICE_X29Y75         FDRE                                         r  output_reg_reg[11]/D
  -------------------------------------------------------------------    -------------------

                         (clock sys_clk_pin rise edge)
                                                      0.000     0.000 r  
    W5                                                0.000     0.000 r  clk (IN)
                         net (fo=0)                   0.000     0.000    clk
    W5                   IBUF (Prop_ibuf_I_O)         0.414     0.414 r  clk_IBUF_inst/O
                         net (fo=1, routed)           0.685     1.099    clk_IBUF
    BUFGCTRL_X0Y0        BUFG (Prop_bufg_I_O)         0.029     1.128 r  clk_IBUF_BUFG_inst/O
                         net (fo=17, routed)          0.815     1.942    clk_IBUF_BUFG
    SLICE_X29Y75         FDRE                                         r  output_reg_reg[11]/C
                         clock pessimism             -0.498     1.444    
    SLICE_X29Y75         FDRE (Hold_fdre_C_D)         0.047     1.491    output_reg_reg[11]
  -------------------------------------------------------------------
                         required time                         -1.491    
                         arrival time                           1.840    
  -------------------------------------------------------------------
                         slack                                  0.348    

Slack (MET) :             0.357ns  (arrival time - required time)
  Source:                 myadc/U0/DCLK
                            (rising edge-triggered cell XADC clocked by sys_clk_pin  {rise@0.000ns fall@5.000ns period=10.000ns})
  Destination:            output_reg_reg[3]/D
                            (rising edge-triggered cell FDRE clocked by sys_clk_pin  {rise@0.000ns fall@5.000ns period=10.000ns})
  Path Group:             sys_clk_pin
  Path Type:              Hold (Min at Fast Process Corner)
  Requirement:            0.000ns  (sys_clk_pin rise@0.000ns - sys_clk_pin rise@0.000ns)
  Data Path Delay:        0.417ns  (logic 0.256ns (61.437%)  route 0.161ns (38.563%))
  Logic Levels:           0  
  Clock Path Skew:        0.013ns (DCD - SCD - CPR)
    Destination Clock Delay (DCD):    1.942ns
    Source Clock Delay      (SCD):    1.431ns
    Clock Pessimism Removal (CPR):    0.498ns

    Location             Delay type                Incr(ns)  Path(ns)    Netlist Resource(s)
  -------------------------------------------------------------------    -------------------
                         (clock sys_clk_pin rise edge)
                                                      0.000     0.000 r  
    W5                                                0.000     0.000 r  clk (IN)
                         net (fo=0)                   0.000     0.000    clk
    W5                   IBUF (Prop_ibuf_I_O)         0.226     0.226 r  clk_IBUF_inst/O
                         net (fo=1, routed)           0.631     0.858    clk_IBUF
    BUFGCTRL_X0Y0        BUFG (Prop_bufg_I_O)         0.026     0.884 r  clk_IBUF_BUFG_inst/O
                         net (fo=17, routed)          0.548     1.431    myadc/dclk_in
    XADC_X0Y0            XADC                                         r  myadc/U0/DCLK
  -------------------------------------------------------------------    -------------------
    XADC_X0Y0            XADC (Prop_xadc_DCLK_DO[3])
                                                      0.256     1.687 r  myadc/U0/DO[3]
                         net (fo=1, routed)           0.161     1.848    dataread[3]
    SLICE_X28Y75         FDRE                                         r  output_reg_reg[3]/D
  -------------------------------------------------------------------    -------------------

                         (clock sys_clk_pin rise edge)
                                                      0.000     0.000 r  
    W5                                                0.000     0.000 r  clk (IN)
                         net (fo=0)                   0.000     0.000    clk
    W5                   IBUF (Prop_ibuf_I_O)         0.414     0.414 r  clk_IBUF_inst/O
                         net (fo=1, routed)           0.685     1.099    clk_IBUF
    BUFGCTRL_X0Y0        BUFG (Prop_bufg_I_O)         0.029     1.128 r  clk_IBUF_BUFG_inst/O
                         net (fo=17, routed)          0.815     1.942    clk_IBUF_BUFG
    SLICE_X28Y75         FDRE                                         r  output_reg_reg[3]/C
                         clock pessimism             -0.498     1.444    
    SLICE_X28Y75         FDRE (Hold_fdre_C_D)         0.047     1.491    output_reg_reg[3]
  -------------------------------------------------------------------
                         required time                         -1.491    
                         arrival time                           1.848    
  -------------------------------------------------------------------
                         slack                                  0.357    

Slack (MET) :             0.358ns  (arrival time - required time)
  Source:                 myadc/U0/DCLK
                            (rising edge-triggered cell XADC clocked by sys_clk_pin  {rise@0.000ns fall@5.000ns period=10.000ns})
  Destination:            output_reg_reg[0]/D
                            (rising edge-triggered cell FDRE clocked by sys_clk_pin  {rise@0.000ns fall@5.000ns period=10.000ns})
  Path Group:             sys_clk_pin
  Path Type:              Hold (Min at Fast Process Corner)
  Requirement:            0.000ns  (sys_clk_pin rise@0.000ns - sys_clk_pin rise@0.000ns)
  Data Path Delay:        0.417ns  (logic 0.256ns (61.437%)  route 0.161ns (38.563%))
  Logic Levels:           0  
  Clock Path Skew:        0.013ns (DCD - SCD - CPR)
    Destination Clock Delay (DCD):    1.942ns
    Source Clock Delay      (SCD):    1.431ns
    Clock Pessimism Removal (CPR):    0.498ns

    Location             Delay type                Incr(ns)  Path(ns)    Netlist Resource(s)
  -------------------------------------------------------------------    -------------------
                         (clock sys_clk_pin rise edge)
                                                      0.000     0.000 r  
    W5                                                0.000     0.000 r  clk (IN)
                         net (fo=0)                   0.000     0.000    clk
    W5                   IBUF (Prop_ibuf_I_O)         0.226     0.226 r  clk_IBUF_inst/O
                         net (fo=1, routed)           0.631     0.858    clk_IBUF
    BUFGCTRL_X0Y0        BUFG (Prop_bufg_I_O)         0.026     0.884 r  clk_IBUF_BUFG_inst/O
                         net (fo=17, routed)          0.548     1.431    myadc/dclk_in
    XADC_X0Y0            XADC                                         r  myadc/U0/DCLK
  -------------------------------------------------------------------    -------------------
    XADC_X0Y0            XADC (Prop_xadc_DCLK_DO[0])
                                                      0.256     1.687 r  myadc/U0/DO[0]
                         net (fo=1, routed)           0.161     1.848    dataread[0]
    SLICE_X28Y75         FDRE                                         r  output_reg_reg[0]/D
  -------------------------------------------------------------------    -------------------

                         (clock sys_clk_pin rise edge)
                                                      0.000     0.000 r  
    W5                                                0.000     0.000 r  clk (IN)
                         net (fo=0)                   0.000     0.000    clk
    W5                   IBUF (Prop_ibuf_I_O)         0.414     0.414 r  clk_IBUF_inst/O
                         net (fo=1, routed)           0.685     1.099    clk_IBUF
    BUFGCTRL_X0Y0        BUFG (Prop_bufg_I_O)         0.029     1.128 r  clk_IBUF_BUFG_inst/O
                         net (fo=17, routed)          0.815     1.942    clk_IBUF_BUFG
    SLICE_X28Y75         FDRE                                         r  output_reg_reg[0]/C
                         clock pessimism             -0.498     1.444    
    SLICE_X28Y75         FDRE (Hold_fdre_C_D)         0.046     1.490    output_reg_reg[0]
  -------------------------------------------------------------------
                         required time                         -1.490    
                         arrival time                           1.848    
  -------------------------------------------------------------------
                         slack                                  0.358    

Slack (MET) :             0.377ns  (arrival time - required time)
  Source:                 myadc/U0/DCLK
                            (rising edge-triggered cell XADC clocked by sys_clk_pin  {rise@0.000ns fall@5.000ns period=10.000ns})
  Destination:            output_reg_reg[14]/D
                            (rising edge-triggered cell FDRE clocked by sys_clk_pin  {rise@0.000ns fall@5.000ns period=10.000ns})
  Path Group:             sys_clk_pin
  Path Type:              Hold (Min at Fast Process Corner)
  Requirement:            0.000ns  (sys_clk_pin rise@0.000ns - sys_clk_pin rise@0.000ns)
  Data Path Delay:        0.465ns  (logic 0.256ns (55.022%)  route 0.209ns (44.978%))
  Logic Levels:           0  
  Clock Path Skew:        0.013ns (DCD - SCD - CPR)
    Destination Clock Delay (DCD):    1.942ns
    Source Clock Delay      (SCD):    1.431ns
    Clock Pessimism Removal (CPR):    0.498ns

    Location             Delay type                Incr(ns)  Path(ns)    Netlist Resource(s)
  -------------------------------------------------------------------    -------------------
                         (clock sys_clk_pin rise edge)
                                                      0.000     0.000 r  
    W5                                                0.000     0.000 r  clk (IN)
                         net (fo=0)                   0.000     0.000    clk
    W5                   IBUF (Prop_ibuf_I_O)         0.226     0.226 r  clk_IBUF_inst/O
                         net (fo=1, routed)           0.631     0.858    clk_IBUF
    BUFGCTRL_X0Y0        BUFG (Prop_bufg_I_O)         0.026     0.884 r  clk_IBUF_BUFG_inst/O
                         net (fo=17, routed)          0.548     1.431    myadc/dclk_in
    XADC_X0Y0            XADC                                         r  myadc/U0/DCLK
  -------------------------------------------------------------------    -------------------
    XADC_X0Y0            XADC (Prop_xadc_DCLK_DO[14])
                                                      0.256     1.687 r  myadc/U0/DO[14]
                         net (fo=1, routed)           0.209     1.896    dataread[14]
    SLICE_X29Y75         FDRE                                         r  output_reg_reg[14]/D
  -------------------------------------------------------------------    -------------------

                         (clock sys_clk_pin rise edge)
                                                      0.000     0.000 r  
    W5                                                0.000     0.000 r  clk (IN)
                         net (fo=0)                   0.000     0.000    clk
    W5                   IBUF (Prop_ibuf_I_O)         0.414     0.414 r  clk_IBUF_inst/O
                         net (fo=1, routed)           0.685     1.099    clk_IBUF
    BUFGCTRL_X0Y0        BUFG (Prop_bufg_I_O)         0.029     1.128 r  clk_IBUF_BUFG_inst/O
                         net (fo=17, routed)          0.815     1.942    clk_IBUF_BUFG
    SLICE_X29Y75         FDRE                                         r  output_reg_reg[14]/C
                         clock pessimism             -0.498     1.444    
    SLICE_X29Y75         FDRE (Hold_fdre_C_D)         0.075     1.519    output_reg_reg[14]
  -------------------------------------------------------------------
                         required time                         -1.519    
                         arrival time                           1.896    
  -------------------------------------------------------------------
                         slack                                  0.377    

Slack (MET) :             0.377ns  (arrival time - required time)
  Source:                 myadc/U0/DCLK
                            (rising edge-triggered cell XADC clocked by sys_clk_pin  {rise@0.000ns fall@5.000ns period=10.000ns})
  Destination:            output_reg_reg[8]/D
                            (rising edge-triggered cell FDRE clocked by sys_clk_pin  {rise@0.000ns fall@5.000ns period=10.000ns})
  Path Group:             sys_clk_pin
  Path Type:              Hold (Min at Fast Process Corner)
  Requirement:            0.000ns  (sys_clk_pin rise@0.000ns - sys_clk_pin rise@0.000ns)
  Data Path Delay:        0.466ns  (logic 0.256ns (54.904%)  route 0.210ns (45.096%))
  Logic Levels:           0  
  Clock Path Skew:        0.013ns (DCD - SCD - CPR)
    Destination Clock Delay (DCD):    1.942ns
    Source Clock Delay      (SCD):    1.431ns
    Clock Pessimism Removal (CPR):    0.498ns

    Location             Delay type                Incr(ns)  Path(ns)    Netlist Resource(s)
  -------------------------------------------------------------------    -------------------
                         (clock sys_clk_pin rise edge)
                                                      0.000     0.000 r  
    W5                                                0.000     0.000 r  clk (IN)
                         net (fo=0)                   0.000     0.000    clk
    W5                   IBUF (Prop_ibuf_I_O)         0.226     0.226 r  clk_IBUF_inst/O
                         net (fo=1, routed)           0.631     0.858    clk_IBUF
    BUFGCTRL_X0Y0        BUFG (Prop_bufg_I_O)         0.026     0.884 r  clk_IBUF_BUFG_inst/O
                         net (fo=17, routed)          0.548     1.431    myadc/dclk_in
    XADC_X0Y0            XADC                                         r  myadc/U0/DCLK
  -------------------------------------------------------------------    -------------------
    XADC_X0Y0            XADC (Prop_xadc_DCLK_DO[8])
                                                      0.256     1.687 r  myadc/U0/DO[8]
                         net (fo=1, routed)           0.210     1.897    dataread[8]
    SLICE_X29Y75         FDRE                                         r  output_reg_reg[8]/D
  -------------------------------------------------------------------    -------------------

                         (clock sys_clk_pin rise edge)
                                                      0.000     0.000 r  
    W5                                                0.000     0.000 r  clk (IN)
                         net (fo=0)                   0.000     0.000    clk
    W5                   IBUF (Prop_ibuf_I_O)         0.414     0.414 r  clk_IBUF_inst/O
                         net (fo=1, routed)           0.685     1.099    clk_IBUF
    BUFGCTRL_X0Y0        BUFG (Prop_bufg_I_O)         0.029     1.128 r  clk_IBUF_BUFG_inst/O
                         net (fo=17, routed)          0.815     1.942    clk_IBUF_BUFG
    SLICE_X29Y75         FDRE                                         r  output_reg_reg[8]/C
                         clock pessimism             -0.498     1.444    
    SLICE_X29Y75         FDRE (Hold_fdre_C_D)         0.076     1.520    output_reg_reg[8]
  -------------------------------------------------------------------
                         required time                         -1.520    
                         arrival time                           1.897    
  -------------------------------------------------------------------
                         slack                                  0.377    

Slack (MET) :             0.378ns  (arrival time - required time)
  Source:                 myadc/U0/DCLK
                            (rising edge-triggered cell XADC clocked by sys_clk_pin  {rise@0.000ns fall@5.000ns period=10.000ns})
  Destination:            output_reg_reg[7]/D
                            (rising edge-triggered cell FDRE clocked by sys_clk_pin  {rise@0.000ns fall@5.000ns period=10.000ns})
  Path Group:             sys_clk_pin
  Path Type:              Hold (Min at Fast Process Corner)
  Requirement:            0.000ns  (sys_clk_pin rise@0.000ns - sys_clk_pin rise@0.000ns)
  Data Path Delay:        0.469ns  (logic 0.256ns (54.560%)  route 0.213ns (45.440%))
  Logic Levels:           0  
  Clock Path Skew:        0.013ns (DCD - SCD - CPR)
    Destination Clock Delay (DCD):    1.942ns
    Source Clock Delay      (SCD):    1.431ns
    Clock Pessimism Removal (CPR):    0.498ns

    Location             Delay type                Incr(ns)  Path(ns)    Netlist Resource(s)
  -------------------------------------------------------------------    -------------------
                         (clock sys_clk_pin rise edge)
                                                      0.000     0.000 r  
    W5                                                0.000     0.000 r  clk (IN)
                         net (fo=0)                   0.000     0.000    clk
    W5                   IBUF (Prop_ibuf_I_O)         0.226     0.226 r  clk_IBUF_inst/O
                         net (fo=1, routed)           0.631     0.858    clk_IBUF
    BUFGCTRL_X0Y0        BUFG (Prop_bufg_I_O)         0.026     0.884 r  clk_IBUF_BUFG_inst/O
                         net (fo=17, routed)          0.548     1.431    myadc/dclk_in
    XADC_X0Y0            XADC                                         r  myadc/U0/DCLK
  -------------------------------------------------------------------    -------------------
    XADC_X0Y0            XADC (Prop_xadc_DCLK_DO[7])
                                                      0.256     1.687 r  myadc/U0/DO[7]
                         net (fo=1, routed)           0.213     1.900    dataread[7]
    SLICE_X28Y75         FDRE                                         r  output_reg_reg[7]/D
  -------------------------------------------------------------------    -------------------

                         (clock sys_clk_pin rise edge)
                                                      0.000     0.000 r  
    W5                                                0.000     0.000 r  clk (IN)
                         net (fo=0)                   0.000     0.000    clk
    W5                   IBUF (Prop_ibuf_I_O)         0.414     0.414 r  clk_IBUF_inst/O
                         net (fo=1, routed)           0.685     1.099    clk_IBUF
    BUFGCTRL_X0Y0        BUFG (Prop_bufg_I_O)         0.029     1.128 r  clk_IBUF_BUFG_inst/O
                         net (fo=17, routed)          0.815     1.942    clk_IBUF_BUFG
    SLICE_X28Y75         FDRE                                         r  output_reg_reg[7]/C
                         clock pessimism             -0.498     1.444    
    SLICE_X28Y75         FDRE (Hold_fdre_C_D)         0.078     1.522    output_reg_reg[7]
  -------------------------------------------------------------------
                         required time                         -1.522    
                         arrival time                           1.900    
  -------------------------------------------------------------------
                         slack                                  0.378    

Slack (MET) :             0.381ns  (arrival time - required time)
  Source:                 myadc/U0/DCLK
                            (rising edge-triggered cell XADC clocked by sys_clk_pin  {rise@0.000ns fall@5.000ns period=10.000ns})
  Destination:            output_reg_reg[5]/D
                            (rising edge-triggered cell FDRE clocked by sys_clk_pin  {rise@0.000ns fall@5.000ns period=10.000ns})
  Path Group:             sys_clk_pin
  Path Type:              Hold (Min at Fast Process Corner)
  Requirement:            0.000ns  (sys_clk_pin rise@0.000ns - sys_clk_pin rise@0.000ns)
  Data Path Delay:        0.465ns  (logic 0.256ns (55.022%)  route 0.209ns (44.978%))
  Logic Levels:           0  
  Clock Path Skew:        0.013ns (DCD - SCD - CPR)
    Destination Clock Delay (DCD):    1.942ns
    Source Clock Delay      (SCD):    1.431ns
    Clock Pessimism Removal (CPR):    0.498ns

    Location             Delay type                Incr(ns)  Path(ns)    Netlist Resource(s)
  -------------------------------------------------------------------    -------------------
                         (clock sys_clk_pin rise edge)
                                                      0.000     0.000 r  
    W5                                                0.000     0.000 r  clk (IN)
                         net (fo=0)                   0.000     0.000    clk
    W5                   IBUF (Prop_ibuf_I_O)         0.226     0.226 r  clk_IBUF_inst/O
                         net (fo=1, routed)           0.631     0.858    clk_IBUF
    BUFGCTRL_X0Y0        BUFG (Prop_bufg_I_O)         0.026     0.884 r  clk_IBUF_BUFG_inst/O
                         net (fo=17, routed)          0.548     1.431    myadc/dclk_in
    XADC_X0Y0            XADC                                         r  myadc/U0/DCLK
  -------------------------------------------------------------------    -------------------
    XADC_X0Y0            XADC (Prop_xadc_DCLK_DO[5])
                                                      0.256     1.687 r  myadc/U0/DO[5]
                         net (fo=1, routed)           0.209     1.896    dataread[5]
    SLICE_X28Y75         FDRE                                         r  output_reg_reg[5]/D
  -------------------------------------------------------------------    -------------------

                         (clock sys_clk_pin rise edge)
                                                      0.000     0.000 r  
    W5                                                0.000     0.000 r  clk (IN)
                         net (fo=0)                   0.000     0.000    clk
    W5                   IBUF (Prop_ibuf_I_O)         0.414     0.414 r  clk_IBUF_inst/O
                         net (fo=1, routed)           0.685     1.099    clk_IBUF
    BUFGCTRL_X0Y0        BUFG (Prop_bufg_I_O)         0.029     1.128 r  clk_IBUF_BUFG_inst/O
                         net (fo=17, routed)          0.815     1.942    clk_IBUF_BUFG
    SLICE_X28Y75         FDRE                                         r  output_reg_reg[5]/C
                         clock pessimism             -0.498     1.444    
    SLICE_X28Y75         FDRE (Hold_fdre_C_D)         0.071     1.515    output_reg_reg[5]
  -------------------------------------------------------------------
                         required time                         -1.515    
                         arrival time                           1.896    
  -------------------------------------------------------------------
                         slack                                  0.381    

Slack (MET) :             0.400ns  (arrival time - required time)
  Source:                 myadc/U0/DCLK
                            (rising edge-triggered cell XADC clocked by sys_clk_pin  {rise@0.000ns fall@5.000ns period=10.000ns})
  Destination:            output_reg_reg[6]/D
                            (rising edge-triggered cell FDRE clocked by sys_clk_pin  {rise@0.000ns fall@5.000ns period=10.000ns})
  Path Group:             sys_clk_pin
  Path Type:              Hold (Min at Fast Process Corner)
  Requirement:            0.000ns  (sys_clk_pin rise@0.000ns - sys_clk_pin rise@0.000ns)
  Data Path Delay:        0.489ns  (logic 0.256ns (52.387%)  route 0.233ns (47.613%))
  Logic Levels:           0  
  Clock Path Skew:        0.013ns (DCD - SCD - CPR)
    Destination Clock Delay (DCD):    1.942ns
    Source Clock Delay      (SCD):    1.431ns
    Clock Pessimism Removal (CPR):    0.498ns

    Location             Delay type                Incr(ns)  Path(ns)    Netlist Resource(s)
  -------------------------------------------------------------------    -------------------
                         (clock sys_clk_pin rise edge)
                                                      0.000     0.000 r  
    W5                                                0.000     0.000 r  clk (IN)
                         net (fo=0)                   0.000     0.000    clk
    W5                   IBUF (Prop_ibuf_I_O)         0.226     0.226 r  clk_IBUF_inst/O
                         net (fo=1, routed)           0.631     0.858    clk_IBUF
    BUFGCTRL_X0Y0        BUFG (Prop_bufg_I_O)         0.026     0.884 r  clk_IBUF_BUFG_inst/O
                         net (fo=17, routed)          0.548     1.431    myadc/dclk_in
    XADC_X0Y0            XADC                                         r  myadc/U0/DCLK
  -------------------------------------------------------------------    -------------------
    XADC_X0Y0            XADC (Prop_xadc_DCLK_DO[6])
                                                      0.256     1.687 r  myadc/U0/DO[6]
                         net (fo=1, routed)           0.233     1.920    dataread[6]
    SLICE_X28Y75         FDRE                                         r  output_reg_reg[6]/D
  -------------------------------------------------------------------    -------------------

                         (clock sys_clk_pin rise edge)
                                                      0.000     0.000 r  
    W5                                                0.000     0.000 r  clk (IN)
                         net (fo=0)                   0.000     0.000    clk
    W5                   IBUF (Prop_ibuf_I_O)         0.414     0.414 r  clk_IBUF_inst/O
                         net (fo=1, routed)           0.685     1.099    clk_IBUF
    BUFGCTRL_X0Y0        BUFG (Prop_bufg_I_O)         0.029     1.128 r  clk_IBUF_BUFG_inst/O
                         net (fo=17, routed)          0.815     1.942    clk_IBUF_BUFG
    SLICE_X28Y75         FDRE                                         r  output_reg_reg[6]/C
                         clock pessimism             -0.498     1.444    
    SLICE_X28Y75         FDRE (Hold_fdre_C_D)         0.076     1.520    output_reg_reg[6]
  -------------------------------------------------------------------
                         required time                         -1.520    
                         arrival time                           1.920    
  -------------------------------------------------------------------
                         slack                                  0.400    

Slack (MET) :             0.407ns  (arrival time - required time)
  Source:                 myadc/U0/DCLK
                            (rising edge-triggered cell XADC clocked by sys_clk_pin  {rise@0.000ns fall@5.000ns period=10.000ns})
  Destination:            output_reg_reg[4]/D
                            (rising edge-triggered cell FDRE clocked by sys_clk_pin  {rise@0.000ns fall@5.000ns period=10.000ns})
  Path Group:             sys_clk_pin
  Path Type:              Hold (Min at Fast Process Corner)
  Requirement:            0.000ns  (sys_clk_pin rise@0.000ns - sys_clk_pin rise@0.000ns)
  Data Path Delay:        0.495ns  (logic 0.256ns (51.766%)  route 0.239ns (48.234%))
  Logic Levels:           0  
  Clock Path Skew:        0.013ns (DCD - SCD - CPR)
    Destination Clock Delay (DCD):    1.942ns
    Source Clock Delay      (SCD):    1.431ns
    Clock Pessimism Removal (CPR):    0.498ns

    Location             Delay type                Incr(ns)  Path(ns)    Netlist Resource(s)
  -------------------------------------------------------------------    -------------------
                         (clock sys_clk_pin rise edge)
                                                      0.000     0.000 r  
    W5                                                0.000     0.000 r  clk (IN)
                         net (fo=0)                   0.000     0.000    clk
    W5                   IBUF (Prop_ibuf_I_O)         0.226     0.226 r  clk_IBUF_inst/O
                         net (fo=1, routed)           0.631     0.858    clk_IBUF
    BUFGCTRL_X0Y0        BUFG (Prop_bufg_I_O)         0.026     0.884 r  clk_IBUF_BUFG_inst/O
                         net (fo=17, routed)          0.548     1.431    myadc/dclk_in
    XADC_X0Y0            XADC                                         r  myadc/U0/DCLK
  -------------------------------------------------------------------    -------------------
    XADC_X0Y0            XADC (Prop_xadc_DCLK_DO[4])
                                                      0.256     1.687 r  myadc/U0/DO[4]
                         net (fo=1, routed)           0.239     1.926    dataread[4]
    SLICE_X28Y75         FDRE                                         r  output_reg_reg[4]/D
  -------------------------------------------------------------------    -------------------

                         (clock sys_clk_pin rise edge)
                                                      0.000     0.000 r  
    W5                                                0.000     0.000 r  clk (IN)
                         net (fo=0)                   0.000     0.000    clk
    W5                   IBUF (Prop_ibuf_I_O)         0.414     0.414 r  clk_IBUF_inst/O
                         net (fo=1, routed)           0.685     1.099    clk_IBUF
    BUFGCTRL_X0Y0        BUFG (Prop_bufg_I_O)         0.029     1.128 r  clk_IBUF_BUFG_inst/O
                         net (fo=17, routed)          0.815     1.942    clk_IBUF_BUFG
    SLICE_X28Y75         FDRE                                         r  output_reg_reg[4]/C
                         clock pessimism             -0.498     1.444    
    SLICE_X28Y75         FDRE (Hold_fdre_C_D)         0.075     1.519    output_reg_reg[4]
  -------------------------------------------------------------------
                         required time                         -1.519    
                         arrival time                           1.926    
  -------------------------------------------------------------------
                         slack                                  0.407    





Pulse Width Checks
--------------------------------------------------------------------------------------
Clock Name:         sys_clk_pin
Waveform(ns):       { 0.000 5.000 }
Period(ns):         10.000
Sources:            { clk }

Check Type        Corner  Lib Pin    Reference Pin  Required(ns)  Actual(ns)  Slack(ns)  Location       Pin
Min Period        n/a     XADC/DCLK  n/a            4.000         10.000      6.000      XADC_X0Y0      myadc/U0/DCLK
Min Period        n/a     BUFG/I     n/a            2.155         10.000      7.845      BUFGCTRL_X0Y0  clk_IBUF_BUFG_inst/I
Min Period        n/a     FDRE/C     n/a            1.000         10.000      9.000      SLICE_X28Y75   output_reg_reg[0]/C
Min Period        n/a     FDRE/C     n/a            1.000         10.000      9.000      SLICE_X29Y75   output_reg_reg[10]/C
Min Period        n/a     FDRE/C     n/a            1.000         10.000      9.000      SLICE_X29Y75   output_reg_reg[11]/C
Min Period        n/a     FDRE/C     n/a            1.000         10.000      9.000      SLICE_X29Y75   output_reg_reg[12]/C
Min Period        n/a     FDRE/C     n/a            1.000         10.000      9.000      SLICE_X29Y75   output_reg_reg[13]/C
Min Period        n/a     FDRE/C     n/a            1.000         10.000      9.000      SLICE_X29Y75   output_reg_reg[14]/C
Min Period        n/a     FDRE/C     n/a            1.000         10.000      9.000      SLICE_X29Y75   output_reg_reg[15]/C
Min Period        n/a     FDRE/C     n/a            1.000         10.000      9.000      SLICE_X28Y75   output_reg_reg[1]/C
Low Pulse Width   Fast    FDRE/C     n/a            0.500         5.000       4.500      SLICE_X28Y75   output_reg_reg[0]/C
Low Pulse Width   Fast    FDRE/C     n/a            0.500         5.000       4.500      SLICE_X29Y75   output_reg_reg[10]/C
Low Pulse Width   Fast    FDRE/C     n/a            0.500         5.000       4.500      SLICE_X29Y75   output_reg_reg[11]/C
Low Pulse Width   Fast    FDRE/C     n/a            0.500         5.000       4.500      SLICE_X29Y75   output_reg_reg[12]/C
Low Pulse Width   Fast    FDRE/C     n/a            0.500         5.000       4.500      SLICE_X29Y75   output_reg_reg[13]/C
Low Pulse Width   Fast    FDRE/C     n/a            0.500         5.000       4.500      SLICE_X29Y75   output_reg_reg[14]/C
Low Pulse Width   Fast    FDRE/C     n/a            0.500         5.000       4.500      SLICE_X29Y75   output_reg_reg[15]/C
Low Pulse Width   Fast    FDRE/C     n/a            0.500         5.000       4.500      SLICE_X28Y75   output_reg_reg[1]/C
Low Pulse Width   Fast    FDRE/C     n/a            0.500         5.000       4.500      SLICE_X28Y75   output_reg_reg[2]/C
Low Pulse Width   Fast    FDRE/C     n/a            0.500         5.000       4.500      SLICE_X28Y75   output_reg_reg[3]/C
High Pulse Width  Slow    FDRE/C     n/a            0.500         5.000       4.500      SLICE_X28Y75   output_reg_reg[0]/C
High Pulse Width  Slow    FDRE/C     n/a            0.500         5.000       4.500      SLICE_X29Y75   output_reg_reg[10]/C
High Pulse Width  Slow    FDRE/C     n/a            0.500         5.000       4.500      SLICE_X29Y75   output_reg_reg[11]/C
High Pulse Width  Slow    FDRE/C     n/a            0.500         5.000       4.500      SLICE_X29Y75   output_reg_reg[12]/C
High Pulse Width  Slow    FDRE/C     n/a            0.500         5.000       4.500      SLICE_X29Y75   output_reg_reg[13]/C
High Pulse Width  Slow    FDRE/C     n/a            0.500         5.000       4.500      SLICE_X29Y75   output_reg_reg[14]/C
High Pulse Width  Slow    FDRE/C     n/a            0.500         5.000       4.500      SLICE_X29Y75   output_reg_reg[15]/C
High Pulse Width  Slow    FDRE/C     n/a            0.500         5.000       4.500      SLICE_X28Y75   output_reg_reg[1]/C
High Pulse Width  Slow    FDRE/C     n/a            0.500         5.000       4.500      SLICE_X28Y75   output_reg_reg[2]/C
High Pulse Width  Slow    FDRE/C     n/a            0.500         5.000       4.500      SLICE_X28Y75   output_reg_reg[3]/C



